MPLINK 5.09, LINKER
Linker Map File - Created Sun Dec 09 17:21:42 2018

                                 Section Info
                  Section       Type    Address   Location Size(Bytes)
                ---------  ---------  ---------  ---------  ---------
                   .org_0       code   0x000000    program   0x000110
                   .cinit    romdata   0x000088    program   0x000004



                              Program Memory Usage 
                               Start         End      
                           ---------   ---------      
                            0x000000    0x000089      
            138 out of 1094 program addresses used, program memory utilization is 12%



                              Symbols - Sorted by Name
                     Name    Address   Location    Storage File                     
                ---------  ---------  ---------  --------- ---------                
                   BUTTON   0x00002b    program     static C:\Users\SAAD\MPLABXProjects\ATM.X\atm.asm
           CHECK_FEEDBACK   0x000025    program     static C:\Users\SAAD\MPLABXProjects\ATM.X\atm.asm
                CHECK_PIN   0x000053    program     static C:\Users\SAAD\MPLABXProjects\ATM.X\atm.asm
          CUSTOMER_ACTION   0x00002a    program     static C:\Users\SAAD\MPLABXProjects\ATM.X\atm.asm
                    DELAY   0x00007a    program     static C:\Users\SAAD\MPLABXProjects\ATM.X\atm.asm
                  DELAY1S   0x000080    program     static C:\Users\SAAD\MPLABXProjects\ATM.X\atm.asm
                  DEPOSIT   0x000031    program     static C:\Users\SAAD\MPLABXProjects\ATM.X\atm.asm
                    FLASH   0x000064    program     static C:\Users\SAAD\MPLABXProjects\ATM.X\atm.asm
             FLASHING_LED   0x000064    program     static C:\Users\SAAD\MPLABXProjects\ATM.X\atm.asm
                      INF   0x000063    program     static C:\Users\SAAD\MPLABXProjects\ATM.X\atm.asm
                     INIT   0x000001    program     static C:\Users\SAAD\MPLABXProjects\ATM.X\atm.asm
                     MAIN   0x000020    program     static C:\Users\SAAD\MPLABXProjects\ATM.X\atm.asm
                    Onems   0x00007a    program     static C:\Users\SAAD\MPLABXProjects\ATM.X\atm.asm
                     Ones   0x000080    program     static C:\Users\SAAD\MPLABXProjects\ATM.X\atm.asm
                TRY_AGAIN   0x000040    program     static C:\Users\SAAD\MPLABXProjects\ATM.X\atm.asm
               TRY_AGAIN2   0x000050    program     static C:\Users\SAAD\MPLABXProjects\ATM.X\atm.asm
                     Ten1   0x000075    program     static C:\Users\SAAD\MPLABXProjects\ATM.X\atm.asm
                    TenMs   0x000070    program     static C:\Users\SAAD\MPLABXProjects\ATM.X\atm.asm
                 WITHDRAW   0x000043    program     static C:\Users\SAAD\MPLABXProjects\ATM.X\atm.asm
                  _BUTTON   0x000054    program     static C:\Users\SAAD\MPLABXProjects\ATM.X\atm.asm



                              Symbols - Sorted by Address
                     Name    Address   Location    Storage File                     
                ---------  ---------  ---------  --------- ---------                
                     INIT   0x000001    program     static C:\Users\SAAD\MPLABXProjects\ATM.X\atm.asm
                     MAIN   0x000020    program     static C:\Users\SAAD\MPLABXProjects\ATM.X\atm.asm
           CHECK_FEEDBACK   0x000025    program     static C:\Users\SAAD\MPLABXProjects\ATM.X\atm.asm
          CUSTOMER_ACTION   0x00002a    program     static C:\Users\SAAD\MPLABXProjects\ATM.X\atm.asm
                   BUTTON   0x00002b    program     static C:\Users\SAAD\MPLABXProjects\ATM.X\atm.asm
                  DEPOSIT   0x000031    program     static C:\Users\SAAD\MPLABXProjects\ATM.X\atm.asm
                TRY_AGAIN   0x000040    program     static C:\Users\SAAD\MPLABXProjects\ATM.X\atm.asm
                 WITHDRAW   0x000043    program     static C:\Users\SAAD\MPLABXProjects\ATM.X\atm.asm
               TRY_AGAIN2   0x000050    program     static C:\Users\SAAD\MPLABXProjects\ATM.X\atm.asm
                CHECK_PIN   0x000053    program     static C:\Users\SAAD\MPLABXProjects\ATM.X\atm.asm
                  _BUTTON   0x000054    program     static C:\Users\SAAD\MPLABXProjects\ATM.X\atm.asm
                      INF   0x000063    program     static C:\Users\SAAD\MPLABXProjects\ATM.X\atm.asm
                    FLASH   0x000064    program     static C:\Users\SAAD\MPLABXProjects\ATM.X\atm.asm
             FLASHING_LED   0x000064    program     static C:\Users\SAAD\MPLABXProjects\ATM.X\atm.asm
                    TenMs   0x000070    program     static C:\Users\SAAD\MPLABXProjects\ATM.X\atm.asm
                     Ten1   0x000075    program     static C:\Users\SAAD\MPLABXProjects\ATM.X\atm.asm
                    DELAY   0x00007a    program     static C:\Users\SAAD\MPLABXProjects\ATM.X\atm.asm
                    Onems   0x00007a    program     static C:\Users\SAAD\MPLABXProjects\ATM.X\atm.asm
                  DELAY1S   0x000080    program     static C:\Users\SAAD\MPLABXProjects\ATM.X\atm.asm
                     Ones   0x000080    program     static C:\Users\SAAD\MPLABXProjects\ATM.X\atm.asm


